<?xml version="1.0" encoding="utf-8" ?>
<result>
	<row>
		<label>Paywall Plan 27</label>
		<nb_visits>2</nb_visits>
	</row>
	<row>
		<label>Paywall Plan 23</label>
		<nb_visits>1</nb_visits>
	</row>
	<row>
		<label>Paywall Plan 24</label>
		<nb_visits>1</nb_visits>
	</row>
</result